

================================================================
== Synthesis Summary Report of 'dfr_inference'
================================================================
+ General Information: 
    * Date:           Tue Sep  7 15:36:17 2021
    * Version:        2020.2 (Build 3064766 on Wed Nov 18 09:12:47 MST 2020)
    * Project:        proj_dfr_core
    * Solution:       dfr_core_solution (Vivado IP Flow Target)
    * Product family: zynq
    * Target device:  xc7z020-clg484-1
    

+ Performance & Resource Estimates: 
    
    PS: '+' for module; 'o' for loop; '*' for dataflow
    +----------------------+------+--------+-----------+-----------+----------+-----------+--------+----------+------------+---------+-----------+------------+-----+
    |        Modules       | Issue|        |  Latency  |  Latency  | Iteration|           |  Trip  |          |            |         |           |            |     |
    |        & Loops       | Type |  Slack |  (cycles) |    (ns)   |  Latency |  Interval |  Count | Pipelined|    BRAM    |   DSP   |     FF    |     LUT    | URAM|
    +----------------------+------+--------+-----------+-----------+----------+-----------+--------+----------+------------+---------+-----------+------------+-----+
    |+ dfr_inference       |     -|    0.00|  120205228|  1.202e+10|         -|  120205229|       -|        no|  569 (203%)|  16 (7%)|  2974 (2%)|  7070 (13%)|    -|
    | o Loop 1             |     -|  -73.00|        100|  1.000e+04|         1|          1|     100|       yes|           -|        -|          -|           -|    -|
    | o Loop 2             |     -|  -73.00|     508200|  5.082e+07|         1|          1|  508200|       yes|           -|        -|          -|           -|    -|
    | o VITIS_LOOP_51_1    |     -|  -73.00|     214000|  2.140e+07|       107|          -|    2000|        no|           -|        -|          -|           -|    -|
    |  o VITIS_LOOP_61_2   |     -|  -73.00|         99|  9.900e+03|         2|          1|      99|       yes|           -|        -|          -|           -|    -|
    | o VITIS_LOOP_70_3    |     -|  -73.00|  118918800|  1.189e+10|       234|          -|  508200|        no|           -|        -|          -|           -|    -|
    |  o VITIS_LOOP_84_4   |     -|  -73.00|         99|  9.900e+03|         2|          1|      99|       yes|           -|        -|          -|           -|    -|
    |  o VITIS_LOOP_97_5   |     -|  -73.00|        100|  1.000e+04|         2|          1|     100|       yes|           -|        -|          -|           -|    -|
    | o VITIS_LOOP_111_6   |     -|  -73.00|     564103|  5.641e+07|       111|          -|    5082|        no|           -|        -|          -|           -|    -|
    |  o VITIS_LOOP_113_7  |     -|  -73.00|        101|  1.010e+04|         3|          1|     100|       yes|           -|        -|          -|           -|    -|
    +----------------------+------+--------+-----------+-----------+----------+-----------+--------+----------+------------+---------+-----------+------------+-----+

